[0m
[1;30m  ░░▒▒▓▓████████████████████████████████████████████████████████████▓▓▒▒░░
[1;30m  ░[0;35m░▒▓█[1;35m▀▀[0;35m█▓▒░[1;30m░░░░░[0;36m░▒▓[1;36mT A G G E D[0;36m▓▒░[1;30m░░░░░[0;33m░▒▓[1;33m#tetrivibes[0;33m▓▒░[1;30m░░░░[0;35m░▒▓█[1;35m▀▀[0;35m█▓▒░[1;30m░
[0m
[1;31m  ████████╗[1;33m███████╗[1;32m████████╗[1;36m██████╗ ██╗[1;34m██╗   ██╗[1;35m██╗[1;31m██████╗ [1;33m███████╗[1;32m███████╗
[0;31m  ╚══██╔══╝[0;33m██╔════╝[0;32m╚══██╔══╝[0;36m██╔══██╗██║[0;34m██║   ██║[0;35m██║[0;31m██╔══██╗[0;33m██╔════╝[0;32m██╔════╝
[1;31m     ██║   [1;33m█████╗   [1;32m  ██║   [1;36m██████╔╝██║[1;34m██║   ██║[1;35m██║[1;31m██████╔╝[1;33m█████╗  [1;32m███████╗
[0;31m     ██║   [0;33m██╔══╝   [0;32m  ██║   [0;36m██╔══██╗██║[0;34m╚██╗ ██╔╝[0;35m██║[0;31m██╔══██╗[0;33m██╔══╝  [0;32m╚════██║
[1;31m     ██║   [1;33m███████╗ [1;32m  ██║   [1;36m██║  ██║██║[1;34m ╚████╔╝ [1;35m██║[1;31m██████╔╝[1;33m███████╗[1;32m███████║
[0;31m     ╚═╝   [0;33m╚══════╝ [0;32m  ╚═╝   [0;36m╚═╝  ╚═╝╚═╝[0;34m  ╚═══╝  [0;35m╚═╝[0;31m╚═════╝ [0;33m╚══════╝[0;32m╚══════╝
[1;30m       ▄▄  ▄▄    ▄▄▄▄      ▄▄    ▄▄    ▄▄    ▄▄    ▄▄▄▄    ▄▄▄▄▄
[0m
[1;35m   ▓▓▓[1;31m██[0;31m█[1;33m██[0;33m█[1;32m██[0;32m█[1;36m██[0;36m█[1;34m██[0;34m█[1;35m██[0;35m█[1;37m  -=[ [1;33mTETRIVIBES[1;37m ]=-  [0;35m█[1;35m██[0;34m█[1;34m██[0;36m█[1;36m██[0;32m█[1;32m██[0;33m█[1;33m██[0;31m█[1;31m██[1;35m▓▓▓
[0m
[1;36m      ~*~ [1;37mdrop it like it's 1997[1;36m ~*~   [0;36m[irc] #partyline @ localhost
[1;33m      *** [0;33mTetriNET Classic / 1.13 / TetriFast / native host[1;33m ***
[0m
[1;30m  ░▒▓[0;35m░▒▓[1;35m░▒▓[1;31m█▀█[1;33m▄[1;32m█▀█[1;36m▄[1;34m█▀█[1;35m  [1;37mHARD DROP · SPECIALS 1-6 · LAST ONE STANDING[1;35m  [1;34m█▀█[1;36m▄[1;32m█▀█[1;33m▄[1;31m█▀█[1;35m▓▒░[0;35m▓▒░[1;30m▓▒░
[0m
[1;35m      .  [1;31mo  [1;33mO  [1;32m*  [1;36m~  [1;34m.  [1;35msprayed by [1;37mvibecode[1;35m / [1;37mgrok 4.6[1;35m  .  ~  *  O  o  .
[0m
