[0m
[1;35m  ▄▄▄▄▄▄▄▄▄▄▄▄▄▄▄▄▄▄▄▄▄▄▄▄▄▄▄▄▄▄▄▄▄▄▄▄▄▄▄▄▄▄▄▄▄▄▄▄▄▄▄▄▄▄▄▄▄▄▄▄▄▄▄▄▄▄▄▄▄▄
[1;35m▄█[1;36m▀▀▀▀▀▀▀▀▀▀▀▀▀▀▀▀▀▀▀▀▀▀▀▀▀▀▀▀▀▀▀▀▀▀▀▀▀▀▀▀▀▀▀▀▀▀▀▀▀▀▀▀▀▀▀▀▀▀▀▀▀▀▀▀▀▀▀▀[1;35m█▄
[1;35m█[1;36m▌                                                                      ▐[1;35m█
[1;35m█[1;36m▌   [1;33m████████╗███████╗████████╗██████╗ ██╗                              [1;36m▐[1;35m█
[1;35m█[1;36m▌   [0;33m╚══██╔══╝██╔════╝╚══██╔══╝██╔══██╗██║                              [1;36m▐[1;35m█
[1;35m█[1;36m▌   [1;33m   ██║   █████╗     ██║   ██████╔╝██║                              [1;36m▐[1;35m█
[1;35m█[1;36m▌   [0;33m   ██║   ██╔══╝     ██║   ██╔══██╗██║                              [1;36m▐[1;35m█
[1;35m█[1;36m▌   [1;33m   ██║   ███████╗   ██║   ██║  ██║██║                              [1;36m▐[1;35m█
[1;35m█[1;36m▌   [0;33m   ╚═╝   ╚══════╝   ╚═╝   ╚═╝  ╚═╝╚═╝                              [1;36m▐[1;35m█
[1;35m█[1;36m▌                                                                      ▐[1;35m█
[1;35m█[1;36m▌          [1;35m██╗   ██╗██╗██████╗ ███████╗███████╗                         [1;36m▐[1;35m█
[1;35m█[1;36m▌          [0;35m██║   ██║██║██╔══██╗██╔════╝██╔════╝                         [1;36m▐[1;35m█
[1;35m█[1;36m▌          [1;35m██║   ██║██║██████╔╝█████╗  ███████╗                         [1;36m▐[1;35m█
[1;35m█[1;36m▌          [0;35m╚██╗ ██╔╝██║██╔══██╗██╔══╝  ╚════██║                         [1;36m▐[1;35m█
[1;35m█[1;36m▌          [1;35m ╚████╔╝ ██║██████╔╝███████╗███████║                         [1;36m▐[1;35m█
[1;35m█[1;36m▌          [0;35m  ╚═══╝  ╚═╝╚═════╝ ╚══════╝╚══════╝                         [1;36m▐[1;35m█
[1;35m█[1;36m▌                                                                      ▐[1;35m█
[1;35m█[1;36m▌   [1;31m██[0;31m██  [1;32m██[0;32m██  [1;34m██[0;34m██  [1;33m██[0;33m██  [1;35m██[0;35m██  [1;36m██[0;36m██  [1;37m██[0;37m██   [1;33m· 199X BBS STYLE ·     [1;36m▐[1;35m█
[1;35m█[1;36m▌   [1;31m██[0;31m██  [1;32m██[0;32m██  [1;34m██[0;34m██  [1;33m██[0;33m██  [1;35m██[0;35m██  [1;36m██[0;36m██  [1;37m██[0;37m██                         [1;36m▐[1;35m█
[1;35m█[1;36m▌                                                                      ▐[1;35m█
[1;35m█[1;36m▌     [1;37m* [0;37mMULTIPLAYER TETROMINO COMBAT[1;37m *                                  [1;36m▐[1;35m█
[1;35m█[1;36m▌     [0;36mTETRINET CLASSIC  ·  PROTOCOL 1.13  ·  TETRIFAST                  [1;36m▐[1;35m█
[1;35m█[1;36m▌     [1;33mHOST  ·  JOIN  ·  PRACTICE  ·  PARTYLINE                          [1;36m▐[1;35m█
[1;35m█[1;36m▌                                                                      ▐[1;35m█
[1;35m▀█[1;36m▄▄▄▄▄▄▄▄▄▄▄▄▄▄▄▄▄▄▄▄▄▄▄▄▄▄▄▄▄▄▄▄▄▄▄▄▄▄▄▄▄▄▄▄▄▄▄▄▄▄▄▄▄▄▄▄▄▄▄▄▄▄▄▄▄▄▄▄[1;35m█▀
[1;35m  ▀▀▀▀▀▀▀▀▀▀▀▀▀▀▀▀▀▀▀▀▀▀▀▀▀▀▀▀▀▀▀▀▀▀▀▀▀▀▀▀▀▀▀▀▀▀▀▀▀▀▀▀▀▀▀▀▀▀▀▀▀▀▀▀▀▀▀▀▀▀
[0m
[1;30m          [ DROP TO THE PARTYLINE ]   [ PRESS SPACE TO HARD DROP ]
[0m
