[0m
[0;36m°º¤ø,¸¸,ø¤º°`°º¤ø,¸¸,ø¤º°`°º¤ø,¸¸,ø¤º°`°º¤ø,¸¸,ø¤º°`°º¤ø,¸¸,ø¤º°`°º¤ø,¸
[1;36m .·:*¨¨*:·..·:*¨¨*:·. [1;37m[ Ice/BX ][1;36m .·:*¨¨*:·..·:*¨¨*:·.
[0m
[0;34m  ████████╗[0;36m███████╗[1;36m████████╗[1;37m██████╗ ██╗[1;36m██╗   ██╗[0;36m██╗[0;34m██████╗ [0;36m███████╗[1;36m███████╗
[0;34m  ╚══██╔══╝[0;36m██╔════╝[1;36m╚══██╔══╝[1;37m██╔══██╗██║[1;36m██║   ██║[0;36m██║[0;34m██╔══██╗[0;36m██╔════╝[1;36m██╔════╝
[1;34m     ██║   [0;36m█████╗  [1;36m   ██║   [1;37m██████╔╝██║[1;36m██║   ██║[0;36m██║[0;34m██████╔╝[0;36m█████╗  [1;36m███████╗
[1;36m     ██║   [0;36m██╔══╝  [1;36m   ██║   [1;37m██╔══██╗██║[1;36m╚██╗ ██╔╝[0;36m██║[0;34m██╔══██╗[0;36m██╔══╝  [1;36m╚════██║
[1;37m     ██║   [0;36m███████╗[1;36m   ██║   [1;37m██║  ██║██║[1;36m ╚████╔╝ [0;36m██║[0;34m██████╔╝[0;36m███████╗[1;37m███████║
[0;36m     ╚═╝   [0;34m╚══════╝[0;36m   ╚═╝   [1;36m╚═╝  ╚═╝╚═╝[0;34m  ╚═══╝  [0;36m╚═╝[0;34m╚═════╝ [0;36m╚══════╝[0;34m╚══════╝
[0m
[1;36m                    * [0;36m· [1;37mice script / bitchx theme[0;36m · [1;36m*
[0;34m                 · ˚ * .  [1;37mfrost on the partyline  [0;34m. * ˚ ·
[0m
[0;34m  [[1;36m10:08[0;34m] [[1;37mvibecode[0;36m(+i)[0;34m] [[1;36m6[0;34m/[1;37m#tetrivibes[0;36m(+nt)[0;34m] [[0;36mAct:[1;36m1,3[0;34m] [[0;36mLag [1;37m0.12[0;34m]
[0;36m  [[1;34mIce/BX[0;36m] [0;34m·[0;36m proto [1;37m1.13[0;36m · tetrinet classic · tetrifast · native host
[1;34m  [[1;36m#[0;34m] [0;36mhard drop [1;37m<space>[0;36m  ·  specials [1;37m1-6[0;36m  ·  last standing wins
[0m
[0;36m°º¤ø,¸¸,ø¤º°`°º¤ø,¸¸,ø¤º°`°º¤ø,¸¸,ø¤º°`°º¤ø,¸¸,ø¤º°`°º¤ø,¸¸,ø¤º°`°º¤ø,¸
[0m
